=== Starting AI Tools Performance Test ===

Original Text: The quick brown fox jumps over the lazy dog. Its a very good days to be outside. Artificial intelligence is rapidly transforming the modern world, making processes much more efficient and sometimes replacing traditional human tasks. 

--- Testing Summarizer ---
Result: The quick brown fox jumps over the lazy dog. Its a very good days to be outside. Artificial intelligence is rapidly transforming the modern world, making processes much more efficient and sometimes re...
ΓÅ▒∩╕Å Time taken: 604ms

--- Testing Paraphraser (Fluent) ---
Result: The quick brown fox jumps over the lazy dog. Its a very good days to be outside. Artificial intelligence is rapidly transforming the modern world, making processes much more efficient and sometimes replacing traditional human tasks.
ΓÅ▒∩╕Å Time taken: 470ms

--- Testing Humanizer ---
Result: The quick brown fox jumps over the lazy dog. Its a very good days to be outside. Artificial intelligence is rapidly transforming the modern world, making processes much more efficient and sometimes replacing traditional human tasks.
ΓÅ▒∩╕Å Time taken: 454ms

--- Testing Grammar Checker ---
Result: {
  "issues": [],
  "message": "Grammar check failed due to a network error. Please try again."
}
ΓÅ▒∩╕Å Time taken: 541ms

--- Testing Plagiarism Checker ---
Result: {
  "plagiarismScore": 0,
  "matches": []
}
ΓÅ▒∩╕Å Time taken: 248ms

=== Tests Completed ===
